nohup: Demo4.java: Permission denied
nohup: Demo4.java: Permission denied
nohup: Demo4.java: Permission denied
